Archive member included because of file (symbol)

/usr/local/CrossPack-AVR-20131216/lib/gcc/avr/4.8.1/avr51/libgcc.a(_exit.o)
                              /usr/local/CrossPack-AVR-20131216/lib/gcc/avr/4.8.1/../../../../avr/lib/avr51/crtm1284p.o (exit)
/usr/local/CrossPack-AVR-20131216/lib/gcc/avr/4.8.1/avr51/libgcc.a(_copy_data.o)
                              ./wan/wan_driver.o (__do_copy_data)
/usr/local/CrossPack-AVR-20131216/lib/gcc/avr/4.8.1/avr51/libgcc.a(_clear_bss.o)
                              ./wan/wan.o (__do_clear_bss)
/usr/local/CrossPack-AVR-20131216/lib/gcc/avr/4.8.1/avr51/libgcc.a(_cmpdi2_s8.o)
                              ./btle/btle_driver.o (__cmpdi2_s8)
/usr/local/CrossPack-AVR-20131216/lib/gcc/avr/4.8.1/../../../../avr/lib/avr51/libm.a(cmpsf2.o)
                              ./util/log.o (__ltsf2)
/usr/local/CrossPack-AVR-20131216/lib/gcc/avr/4.8.1/../../../../avr/lib/avr51/libm.a(fixunssfsi.o)
                              ./util/log.o (__fixunssfsi)
/usr/local/CrossPack-AVR-20131216/lib/gcc/avr/4.8.1/../../../../avr/lib/avr51/libm.a(fp_cmp.o)
                              /usr/local/CrossPack-AVR-20131216/lib/gcc/avr/4.8.1/../../../../avr/lib/avr51/libm.a(cmpsf2.o) (__fp_cmp)
/usr/local/CrossPack-AVR-20131216/lib/gcc/avr/4.8.1/../../../../avr/lib/avr51/libm.a(fp_split3.o)
                              /usr/local/CrossPack-AVR-20131216/lib/gcc/avr/4.8.1/../../../../avr/lib/avr51/libm.a(fixunssfsi.o) (__fp_splitA)
/usr/local/CrossPack-AVR-20131216/lib/gcc/avr/4.8.1/../../../../avr/lib/avr51/libm.a(fp_zero.o)
                              /usr/local/CrossPack-AVR-20131216/lib/gcc/avr/4.8.1/../../../../avr/lib/avr51/libm.a(fixunssfsi.o) (__fp_zero)
/usr/local/CrossPack-AVR-20131216/lib/gcc/avr/4.8.1/../../../../avr/lib/avr51/libm.a(gesf2.o)
                              ./util/log.o (__gtsf2)
/usr/local/CrossPack-AVR-20131216/lib/gcc/avr/4.8.1/../../../../avr/lib/avr51/libm.a(mulsf3.o)
                              ./util/log.o (__mulsf3)
/usr/local/CrossPack-AVR-20131216/lib/gcc/avr/4.8.1/../../../../avr/lib/avr51/libm.a(mulsf3x.o)
                              /usr/local/CrossPack-AVR-20131216/lib/gcc/avr/4.8.1/../../../../avr/lib/avr51/libm.a(mulsf3.o) (__mulsf3x)
/usr/local/CrossPack-AVR-20131216/lib/gcc/avr/4.8.1/../../../../avr/lib/avr51/libm.a(fp_inf.o)
                              /usr/local/CrossPack-AVR-20131216/lib/gcc/avr/4.8.1/../../../../avr/lib/avr51/libm.a(mulsf3x.o) (__fp_inf)
/usr/local/CrossPack-AVR-20131216/lib/gcc/avr/4.8.1/../../../../avr/lib/avr51/libm.a(fp_nan.o)
                              /usr/local/CrossPack-AVR-20131216/lib/gcc/avr/4.8.1/../../../../avr/lib/avr51/libm.a(mulsf3x.o) (__fp_nan)
/usr/local/CrossPack-AVR-20131216/lib/gcc/avr/4.8.1/../../../../avr/lib/avr51/libm.a(fp_pscA.o)
                              /usr/local/CrossPack-AVR-20131216/lib/gcc/avr/4.8.1/../../../../avr/lib/avr51/libm.a(mulsf3x.o) (__fp_pscA)
/usr/local/CrossPack-AVR-20131216/lib/gcc/avr/4.8.1/../../../../avr/lib/avr51/libm.a(fp_pscB.o)
                              /usr/local/CrossPack-AVR-20131216/lib/gcc/avr/4.8.1/../../../../avr/lib/avr51/libm.a(mulsf3x.o) (__fp_pscB)
/usr/local/CrossPack-AVR-20131216/lib/gcc/avr/4.8.1/../../../../avr/lib/avr51/libm.a(fp_round.o)
                              /usr/local/CrossPack-AVR-20131216/lib/gcc/avr/4.8.1/../../../../avr/lib/avr51/libm.a(mulsf3.o) (__fp_round)
/usr/local/CrossPack-AVR-20131216/lib/gcc/avr/4.8.1/../../../../avr/lib/avr51/libc.a(malloc.o)
                              ./queue/queue.o (malloc)
/usr/local/CrossPack-AVR-20131216/lib/gcc/avr/4.8.1/../../../../avr/lib/avr51/libc.a(memcmp.o)
                              ./queue/queue.o (memcmp)
/usr/local/CrossPack-AVR-20131216/lib/gcc/avr/4.8.1/../../../../avr/lib/avr51/libc.a(memcpy.o)
                              ./queue/queue.o (memcpy)
/usr/local/CrossPack-AVR-20131216/lib/gcc/avr/4.8.1/../../../../avr/lib/avr51/libc.a(memset.o)
                              ./wan/wan_driver.o (memset)
/usr/local/CrossPack-AVR-20131216/lib/gcc/avr/4.8.1/../../../../avr/lib/avr51/libc.a(strcpy.o)
                              ./wan/wan_driver.o (strcpy)
/usr/local/CrossPack-AVR-20131216/lib/gcc/avr/4.8.1/../../../../avr/lib/avr51/libc.a(strstr.o)
                              ./wan/wan_driver.o (strstr)
/usr/local/CrossPack-AVR-20131216/lib/gcc/avr/4.8.1/../../../../avr/lib/avr51/libc.a(fdevopen.o)
                              ./util/log.o (fdevopen)
/usr/local/CrossPack-AVR-20131216/lib/gcc/avr/4.8.1/../../../../avr/lib/avr51/libc.a(iob.o)
                              ./util/log.o (__iob)
/usr/local/CrossPack-AVR-20131216/lib/gcc/avr/4.8.1/../../../../avr/lib/avr51/libc.a(printf_p.o)
                              ./util/log.o (printf_P)
/usr/local/CrossPack-AVR-20131216/lib/gcc/avr/4.8.1/../../../../avr/lib/avr51/libc.a(sprintf_p.o)
                              ./btle/btle_driver.o (sprintf_P)
/usr/local/CrossPack-AVR-20131216/lib/gcc/avr/4.8.1/../../../../avr/lib/avr51/libc.a(vfprintf_p.o)
                              ./util/log.o (vfprintf_P)
/usr/local/CrossPack-AVR-20131216/lib/gcc/avr/4.8.1/../../../../avr/lib/avr51/libc.a(vfprintf_std.o)
                              /usr/local/CrossPack-AVR-20131216/lib/gcc/avr/4.8.1/../../../../avr/lib/avr51/libc.a(printf_p.o) (vfprintf)
/usr/local/CrossPack-AVR-20131216/lib/gcc/avr/4.8.1/../../../../avr/lib/avr51/libc.a(eerd_byte_atmega1284p.o)
                              ./eeprom/eeprom.o (__eerd_byte_m1284p)
/usr/local/CrossPack-AVR-20131216/lib/gcc/avr/4.8.1/../../../../avr/lib/avr51/libc.a(eewr_byte_atmega1284p.o)
                              ./eeprom/eeprom.o (__eewr_byte_m1284p)
/usr/local/CrossPack-AVR-20131216/lib/gcc/avr/4.8.1/../../../../avr/lib/avr51/libc.a(calloc.o)
                              /usr/local/CrossPack-AVR-20131216/lib/gcc/avr/4.8.1/../../../../avr/lib/avr51/libc.a(fdevopen.o) (calloc)
/usr/local/CrossPack-AVR-20131216/lib/gcc/avr/4.8.1/../../../../avr/lib/avr51/libc.a(strnlen_P.o)
                              /usr/local/CrossPack-AVR-20131216/lib/gcc/avr/4.8.1/../../../../avr/lib/avr51/libc.a(vfprintf_std.o) (strnlen_P)
/usr/local/CrossPack-AVR-20131216/lib/gcc/avr/4.8.1/../../../../avr/lib/avr51/libc.a(strnlen.o)
                              /usr/local/CrossPack-AVR-20131216/lib/gcc/avr/4.8.1/../../../../avr/lib/avr51/libc.a(vfprintf_std.o) (strnlen)
/usr/local/CrossPack-AVR-20131216/lib/gcc/avr/4.8.1/../../../../avr/lib/avr51/libc.a(fputc.o)
                              /usr/local/CrossPack-AVR-20131216/lib/gcc/avr/4.8.1/../../../../avr/lib/avr51/libc.a(vfprintf_std.o) (fputc)
/usr/local/CrossPack-AVR-20131216/lib/gcc/avr/4.8.1/../../../../avr/lib/avr51/libc.a(ultoa_invert.o)
                              /usr/local/CrossPack-AVR-20131216/lib/gcc/avr/4.8.1/../../../../avr/lib/avr51/libc.a(vfprintf_std.o) (__ultoa_invert)

Allocating common symbols
Common symbol       size              file

btle_lines          0x81              ./btle/btle_driver.o
debug_out_cb        0x2               ./util/log.o
wan_line_buffer     0x81              ./wan/wan_driver.o
__brkval            0x2               /usr/local/CrossPack-AVR-20131216/lib/gcc/avr/4.8.1/../../../../avr/lib/avr51/libc.a(malloc.o)
wan_lines           0x81              ./wan/wan_driver.o
debug_rx_cb         0x2               ./util/log.o
clock_millis        0x4               ./util/clock.o
btle_queue          0xc               ./btle/btle.o
wan_queue           0xc               ./wan/wan.o
btle_line_buffer    0x81              ./btle/btle_driver.o
__flp               0x2               /usr/local/CrossPack-AVR-20131216/lib/gcc/avr/4.8.1/../../../../avr/lib/avr51/libc.a(malloc.o)
__iob               0x6               /usr/local/CrossPack-AVR-20131216/lib/gcc/avr/4.8.1/../../../../avr/lib/avr51/libc.a(iob.o)
btle_rx_cb          0x2               ./usart/usart_btle.o
config              0xf               ./util/config.o

Memory Configuration

Name             Origin             Length             Attributes
text             0x00000000         0x00020000         xr
data             0x00800100         0x0000ff00         rw !x
eeprom           0x00810000         0x00010000         rw !x
fuse             0x00820000         0x00000400         rw !x
lock             0x00830000         0x00000400         rw !x
signature        0x00840000         0x00000400         rw !x
user_signatures  0x00850000         0x00000400         rw !x
*default*        0x00000000         0xffffffff

Linker script and memory map

Address of section .data set to 0x800100
LOAD /usr/local/CrossPack-AVR-20131216/lib/gcc/avr/4.8.1/../../../../avr/lib/avr51/crtm1284p.o
LOAD ./wan/wan.o
LOAD ./wan/wan_driver.o
LOAD ./util/clock.o
LOAD ./util/config.o
LOAD ./util/log.o
LOAD ./usart/usart_btle.o
LOAD ./usart/usart_wan.o
LOAD ./queue/queue.o
LOAD ./eeprom/eeprom.o
LOAD ./btle/btle.o
LOAD ./btle/btle_driver.o
LOAD ./main.o
START GROUP
LOAD /usr/local/CrossPack-AVR-20131216/lib/gcc/avr/4.8.1/avr51/libgcc.a
LOAD /usr/local/CrossPack-AVR-20131216/lib/gcc/avr/4.8.1/../../../../avr/lib/avr51/libm.a
LOAD /usr/local/CrossPack-AVR-20131216/lib/gcc/avr/4.8.1/../../../../avr/lib/avr51/libc.a
END GROUP

.hash
 *(.hash)

.dynsym
 *(.dynsym)

.dynstr
 *(.dynstr)

.gnu.version
 *(.gnu.version)

.gnu.version_d
 *(.gnu.version_d)

.gnu.version_r
 *(.gnu.version_r)

.rel.init
 *(.rel.init)

.rela.init
 *(.rela.init)

.rel.text
 *(.rel.text)
 *(.rel.text.*)
 *(.rel.gnu.linkonce.t*)

.rela.text
 *(.rela.text)
 *(.rela.text.*)
 *(.rela.gnu.linkonce.t*)

.rel.fini
 *(.rel.fini)

.rela.fini
 *(.rela.fini)

.rel.rodata
 *(.rel.rodata)
 *(.rel.rodata.*)
 *(.rel.gnu.linkonce.r*)

.rela.rodata
 *(.rela.rodata)
 *(.rela.rodata.*)
 *(.rela.gnu.linkonce.r*)

.rel.data
 *(.rel.data)
 *(.rel.data.*)
 *(.rel.gnu.linkonce.d*)

.rela.data
 *(.rela.data)
 *(.rela.data.*)
 *(.rela.gnu.linkonce.d*)

.rel.ctors
 *(.rel.ctors)

.rela.ctors
 *(.rela.ctors)

.rel.dtors
 *(.rel.dtors)

.rela.dtors
 *(.rela.dtors)

.rel.got
 *(.rel.got)

.rela.got
 *(.rela.got)

.rel.bss
 *(.rel.bss)

.rela.bss
 *(.rela.bss)

.rel.plt
 *(.rel.plt)

.rela.plt
 *(.rela.plt)

.text           0x00000000     0x2f12
 *(.vectors)
 .vectors       0x00000000       0x8c /usr/local/CrossPack-AVR-20131216/lib/gcc/avr/4.8.1/../../../../avr/lib/avr51/crtm1284p.o
                0x00000000                __vectors
                0x00000000                __vector_default
 *(.vectors)
 *(.progmem.gcc*)
                0x0000008c                . = ALIGN (0x2)
                0x0000008c                __trampolines_start = .
 *(.trampolines)
 .trampolines   0x0000008c        0x0 linker stubs
 *(.trampolines*)
                0x0000008c                __trampolines_end = .
 *(.progmem*)
 .progmem.data._tag
                0x0000008c        0x8 ./util/log.o
 .progmem.data.DEBUG_hex
                0x00000094       0x11 ./util/log.o
                0x00000094                DEBUG_hex
 .progmem.data.__c.2280
                0x000000a5        0x5 ./util/log.o
 .progmem.data.__c.2286
                0x000000aa        0xe ./util/log.o
 .progmem.data.BTLE_hex
                0x000000b8       0x11 ./usart/usart_btle.o
                0x000000b8                BTLE_hex
 .progmem.data.__c.2201
                0x000000c9       0x23 ./btle/btle_driver.o
 .progmem.data._tag
                0x000000ec        0x7 ./main.o
                0x000000f4                . = ALIGN (0x2)
 *fill*         0x000000f3        0x1 
 *(.jumptables)
 *(.jumptables*)
 *(.lowtext)
 *(.lowtext*)
                0x000000f4                __ctors_start = .
 *(.ctors)
                0x000000f4                __ctors_end = .
                0x000000f4                __dtors_start = .
 *(.dtors)
                0x000000f4                __dtors_end = .
 SORT(*)(.ctors)
 SORT(*)(.dtors)
 *(.init0)
 .init0         0x000000f4        0x0 /usr/local/CrossPack-AVR-20131216/lib/gcc/avr/4.8.1/../../../../avr/lib/avr51/crtm1284p.o
                0x000000f4                __init
 *(.init0)
 *(.init1)
 *(.init1)
 *(.init2)
 .init2         0x000000f4        0xc /usr/local/CrossPack-AVR-20131216/lib/gcc/avr/4.8.1/../../../../avr/lib/avr51/crtm1284p.o
 *(.init2)
 *(.init3)
 *(.init3)
 *(.init4)
 .init4         0x00000100       0x1a /usr/local/CrossPack-AVR-20131216/lib/gcc/avr/4.8.1/avr51/libgcc.a(_copy_data.o)
                0x00000100                __do_copy_data
 .init4         0x0000011a       0x10 /usr/local/CrossPack-AVR-20131216/lib/gcc/avr/4.8.1/avr51/libgcc.a(_clear_bss.o)
                0x0000011a                __do_clear_bss
 *(.init4)
 *(.init5)
 *(.init5)
 *(.init6)
 *(.init6)
 *(.init7)
 *(.init7)
 *(.init8)
 *(.init8)
 *(.init9)
 .init9         0x0000012a        0x8 /usr/local/CrossPack-AVR-20131216/lib/gcc/avr/4.8.1/../../../../avr/lib/avr51/crtm1284p.o
 *(.init9)
 *(.text)
 .text          0x00000132        0x4 /usr/local/CrossPack-AVR-20131216/lib/gcc/avr/4.8.1/../../../../avr/lib/avr51/crtm1284p.o
                0x00000132                __vector_18
                0x00000132                __vector_1
                0x00000132                __vector_32
                0x00000132                __vector_34
                0x00000132                __vector_24
                0x00000132                __vector_12
                0x00000132                __bad_interrupt
                0x00000132                __vector_6
                0x00000132                __vector_31
                0x00000132                __vector_3
                0x00000132                __vector_23
                0x00000132                __vector_30
                0x00000132                __vector_25
                0x00000132                __vector_11
                0x00000132                __vector_13
                0x00000132                __vector_17
                0x00000132                __vector_19
                0x00000132                __vector_7
                0x00000132                __vector_27
                0x00000132                __vector_5
                0x00000132                __vector_33
                0x00000132                __vector_4
                0x00000132                __vector_9
                0x00000132                __vector_2
                0x00000132                __vector_21
                0x00000132                __vector_15
                0x00000132                __vector_29
                0x00000132                __vector_8
                0x00000132                __vector_26
                0x00000132                __vector_14
                0x00000132                __vector_10
                0x00000132                __vector_22
 .text          0x00000136        0x0 ./wan/wan.o
 .text          0x00000136        0x0 ./wan/wan_driver.o
 .text          0x00000136        0x0 ./util/clock.o
 .text          0x00000136        0x0 ./util/config.o
 .text          0x00000136        0x0 ./util/log.o
 .text          0x00000136        0x0 ./usart/usart_btle.o
 .text          0x00000136        0x0 ./usart/usart_wan.o
 .text          0x00000136        0x0 ./queue/queue.o
 .text          0x00000136        0x0 ./eeprom/eeprom.o
 .text          0x00000136        0x0 ./btle/btle.o
 .text          0x00000136        0x0 ./btle/btle_driver.o
 .text          0x00000136        0x0 ./main.o
 .text          0x00000136        0x0 /usr/local/CrossPack-AVR-20131216/lib/gcc/avr/4.8.1/avr51/libgcc.a(_exit.o)
 .text          0x00000136        0x0 /usr/local/CrossPack-AVR-20131216/lib/gcc/avr/4.8.1/avr51/libgcc.a(_copy_data.o)
 .text          0x00000136        0x0 /usr/local/CrossPack-AVR-20131216/lib/gcc/avr/4.8.1/avr51/libgcc.a(_clear_bss.o)
 .text          0x00000136        0x0 /usr/local/CrossPack-AVR-20131216/lib/gcc/avr/4.8.1/avr51/libgcc.a(_cmpdi2_s8.o)
 .text          0x00000136        0x0 /usr/local/CrossPack-AVR-20131216/lib/gcc/avr/4.8.1/../../../../avr/lib/avr51/libm.a(cmpsf2.o)
 .text          0x00000136        0x0 /usr/local/CrossPack-AVR-20131216/lib/gcc/avr/4.8.1/../../../../avr/lib/avr51/libm.a(fixunssfsi.o)
 .text          0x00000136        0x0 /usr/local/CrossPack-AVR-20131216/lib/gcc/avr/4.8.1/../../../../avr/lib/avr51/libm.a(fp_cmp.o)
 .text          0x00000136        0x0 /usr/local/CrossPack-AVR-20131216/lib/gcc/avr/4.8.1/../../../../avr/lib/avr51/libm.a(fp_split3.o)
 .text          0x00000136        0x0 /usr/local/CrossPack-AVR-20131216/lib/gcc/avr/4.8.1/../../../../avr/lib/avr51/libm.a(fp_zero.o)
 .text          0x00000136        0x0 /usr/local/CrossPack-AVR-20131216/lib/gcc/avr/4.8.1/../../../../avr/lib/avr51/libm.a(gesf2.o)
 .text          0x00000136        0x0 /usr/local/CrossPack-AVR-20131216/lib/gcc/avr/4.8.1/../../../../avr/lib/avr51/libm.a(mulsf3.o)
 .text          0x00000136        0x0 /usr/local/CrossPack-AVR-20131216/lib/gcc/avr/4.8.1/../../../../avr/lib/avr51/libm.a(mulsf3x.o)
 .text          0x00000136        0x0 /usr/local/CrossPack-AVR-20131216/lib/gcc/avr/4.8.1/../../../../avr/lib/avr51/libm.a(fp_inf.o)
 .text          0x00000136        0x0 /usr/local/CrossPack-AVR-20131216/lib/gcc/avr/4.8.1/../../../../avr/lib/avr51/libm.a(fp_nan.o)
 .text          0x00000136        0x0 /usr/local/CrossPack-AVR-20131216/lib/gcc/avr/4.8.1/../../../../avr/lib/avr51/libm.a(fp_pscA.o)
 .text          0x00000136        0x0 /usr/local/CrossPack-AVR-20131216/lib/gcc/avr/4.8.1/../../../../avr/lib/avr51/libm.a(fp_pscB.o)
 .text          0x00000136        0x0 /usr/local/CrossPack-AVR-20131216/lib/gcc/avr/4.8.1/../../../../avr/lib/avr51/libm.a(fp_round.o)
 .text          0x00000136        0x0 /usr/local/CrossPack-AVR-20131216/lib/gcc/avr/4.8.1/../../../../avr/lib/avr51/libc.a(malloc.o)
 .text          0x00000136        0x0 /usr/local/CrossPack-AVR-20131216/lib/gcc/avr/4.8.1/../../../../avr/lib/avr51/libc.a(memcmp.o)
 .text          0x00000136        0x0 /usr/local/CrossPack-AVR-20131216/lib/gcc/avr/4.8.1/../../../../avr/lib/avr51/libc.a(memcpy.o)
 .text          0x00000136        0x0 /usr/local/CrossPack-AVR-20131216/lib/gcc/avr/4.8.1/../../../../avr/lib/avr51/libc.a(memset.o)
 .text          0x00000136        0x0 /usr/local/CrossPack-AVR-20131216/lib/gcc/avr/4.8.1/../../../../avr/lib/avr51/libc.a(strcpy.o)
 .text          0x00000136        0x0 /usr/local/CrossPack-AVR-20131216/lib/gcc/avr/4.8.1/../../../../avr/lib/avr51/libc.a(strstr.o)
 .text          0x00000136        0x0 /usr/local/CrossPack-AVR-20131216/lib/gcc/avr/4.8.1/../../../../avr/lib/avr51/libc.a(fdevopen.o)
 .text          0x00000136        0x0 /usr/local/CrossPack-AVR-20131216/lib/gcc/avr/4.8.1/../../../../avr/lib/avr51/libc.a(iob.o)
 .text          0x00000136        0x0 /usr/local/CrossPack-AVR-20131216/lib/gcc/avr/4.8.1/../../../../avr/lib/avr51/libc.a(printf_p.o)
 .text          0x00000136        0x0 /usr/local/CrossPack-AVR-20131216/lib/gcc/avr/4.8.1/../../../../avr/lib/avr51/libc.a(sprintf_p.o)
 .text          0x00000136        0x0 /usr/local/CrossPack-AVR-20131216/lib/gcc/avr/4.8.1/../../../../avr/lib/avr51/libc.a(vfprintf_p.o)
 .text          0x00000136        0x0 /usr/local/CrossPack-AVR-20131216/lib/gcc/avr/4.8.1/../../../../avr/lib/avr51/libc.a(vfprintf_std.o)
 .text          0x00000136        0x0 /usr/local/CrossPack-AVR-20131216/lib/gcc/avr/4.8.1/../../../../avr/lib/avr51/libc.a(eerd_byte_atmega1284p.o)
 .text          0x00000136        0x0 /usr/local/CrossPack-AVR-20131216/lib/gcc/avr/4.8.1/../../../../avr/lib/avr51/libc.a(eewr_byte_atmega1284p.o)
 .text          0x00000136        0x0 /usr/local/CrossPack-AVR-20131216/lib/gcc/avr/4.8.1/../../../../avr/lib/avr51/libc.a(calloc.o)
 .text          0x00000136        0x0 /usr/local/CrossPack-AVR-20131216/lib/gcc/avr/4.8.1/../../../../avr/lib/avr51/libc.a(strnlen_P.o)
 .text          0x00000136        0x0 /usr/local/CrossPack-AVR-20131216/lib/gcc/avr/4.8.1/../../../../avr/lib/avr51/libc.a(strnlen.o)
 .text          0x00000136        0x0 /usr/local/CrossPack-AVR-20131216/lib/gcc/avr/4.8.1/../../../../avr/lib/avr51/libc.a(fputc.o)
 .text          0x00000136        0x0 /usr/local/CrossPack-AVR-20131216/lib/gcc/avr/4.8.1/../../../../avr/lib/avr51/libc.a(ultoa_invert.o)
                0x00000136                . = ALIGN (0x2)
 *(.text.*)
 .text.wan_init
                0x00000136       0x12 ./wan/wan.o
                0x00000136                wan_init
 .text.wan_set_cts
                0x00000148       0x20 ./wan/wan.o
                0x00000148                wan_set_cts
 .text.wan_get_rts
                0x00000168       0x18 ./wan/wan.o
                0x00000168                wan_get_rts
 .text.wan_tick
                0x00000180       0x54 ./wan/wan.o
                0x00000180                wan_tick
 .text.wan_enqueue
                0x000001d4       0x32 ./wan/wan.o
                0x000001d4                wan_enqueue
 .text.wan_driver_init
                0x00000206       0x16 ./wan/wan_driver.o
                0x00000206                wan_driver_init
 .text.wan_driver_tick
                0x0000021c       0x3e ./wan/wan_driver.o
                0x0000021c                wan_driver_tick
 .text.init_buffer
                0x0000025a       0x26 ./wan/wan_driver.o
 .text.init_lines
                0x00000280       0x1e ./wan/wan_driver.o
 .text.handle_data
                0x0000029e       0x74 ./wan/wan_driver.o
 .text.parse_data
                0x00000312       0x62 ./wan/wan_driver.o
 .text.wan_handle_packet
                0x00000374       0x4a ./wan/wan_driver.o
 .text.wan_parse_nybble
                0x000003be       0x52 ./wan/wan_driver.o
 .text.clock_init
                0x00000410       0x46 ./util/clock.o
                0x00000410                clock_init
 .text.clock_time
                0x00000456       0x22 ./util/clock.o
                0x00000456                clock_time
 .text.delay_millis
                0x00000478       0x6c ./util/clock.o
                0x00000478                delay_millis
 .text.__vector_16
                0x000004e4       0x5a ./util/clock.o
                0x000004e4                __vector_16
 .text.isr_tick
                0x0000053e       0x34 ./util/clock.o
                0x0000053e                isr_tick
 .text.config_init
                0x00000572       0x4a ./util/config.o
                0x00000572                config_init
 .text.load_config
                0x000005bc        0xe ./util/config.o
                0x000005bc                load_config
 .text.write_config
                0x000005ca        0xe ./util/config.o
                0x000005ca                write_config
 .text._debug_init
                0x000005d8       0x88 ./util/log.o
                0x000005d8                _debug_init
 .text.USART_RX_vect
                0x00000660       0x88 ./util/log.o
                0x00000660                USART_RX_vect
 .text._debug_set_rx_cb
                0x000006e8       0x24 ./util/log.o
                0x000006e8                _debug_set_rx_cb
 .text._debug_set_out_cb
                0x0000070c       0x24 ./util/log.o
                0x0000070c                _debug_set_out_cb
 .text._debug_putch
                0x00000730       0x42 ./util/log.o
                0x00000730                _debug_putch
 .text._debug_stringz
                0x00000772       0x62 ./util/log.o
                0x00000772                _debug_stringz
 .text._debug_byte
                0x000007d4       0x34 ./util/log.o
                0x000007d4                _debug_byte
 .text._debug_byte_as_hex
                0x00000808       0xa8 ./util/log.o
                0x00000808                _debug_byte_as_hex
 .text._debug_hex_dump
                0x000008b0       0x6c ./util/log.o
                0x000008b0                _debug_hex_dump
 .text._debug_log
                0x0000091c       0x84 ./util/log.o
                0x0000091c                _debug_log
 .text.debug_test
                0x000009a0      0x32a ./util/log.o
                0x000009a0                debug_test
 .text._btle_set_rx_cb
                0x00000cca       0x24 ./usart/usart_btle.o
                0x00000cca                _btle_set_rx_cb
 .text.btle_usart_init
                0x00000cee       0x56 ./usart/usart_btle.o
                0x00000cee                btle_usart_init
 .text.btle_usart_init_cb
                0x00000d44       0x68 ./usart/usart_btle.o
                0x00000d44                btle_usart_init_cb
 .text.btle_usart_put_char
                0x00000dac       0x5a ./usart/usart_btle.o
                0x00000dac                btle_usart_put_char
 .text.btle_usart_clear_buffer
                0x00000e06       0x1e ./usart/usart_btle.o
                0x00000e06                btle_usart_clear_buffer
 .text.btle_usart_data_available
                0x00000e24       0x26 ./usart/usart_btle.o
                0x00000e24                btle_usart_data_available
 .text.btle_usart_data_read
                0x00000e4a       0x54 ./usart/usart_btle.o
                0x00000e4a                btle_usart_data_read
 .text.btle_usart_transmit
                0x00000e9e       0x34 ./usart/usart_btle.o
                0x00000e9e                btle_usart_transmit
 .text.btle_usart_transmit_bytes
                0x00000ed2       0x74 ./usart/usart_btle.o
                0x00000ed2                btle_usart_transmit_bytes
 .text.btle_usart_transmit_string
                0x00000f46       0x62 ./usart/usart_btle.o
                0x00000f46                btle_usart_transmit_string
 .text.__vector_28
                0x00000fa8       0x8e ./usart/usart_btle.o
                0x00000fa8                __vector_28
 .text.wan_usart_init
                0x00001036       0x56 ./usart/usart_wan.o
                0x00001036                wan_usart_init
 .text.wan_usart_put_char
                0x0000108c       0x5a ./usart/usart_wan.o
                0x0000108c                wan_usart_put_char
 .text.wan_usart_clear_buffer
                0x000010e6       0x1e ./usart/usart_wan.o
                0x000010e6                wan_usart_clear_buffer
 .text.wan_usart_data_available
                0x00001104       0x26 ./usart/usart_wan.o
                0x00001104                wan_usart_data_available
 .text.wan_usart_data_read
                0x0000112a       0x54 ./usart/usart_wan.o
                0x0000112a                wan_usart_data_read
 .text.wan_usart_transmit
                0x0000117e       0x34 ./usart/usart_wan.o
                0x0000117e                wan_usart_transmit
 .text.wan_usart_transmit_bytes
                0x000011b2       0x74 ./usart/usart_wan.o
                0x000011b2                wan_usart_transmit_bytes
 .text.wan_usart_transmit_string
                0x00001226       0x62 ./usart/usart_wan.o
                0x00001226                wan_usart_transmit_string
 .text.__vector_20
                0x00001288       0x74 ./usart/usart_wan.o
                0x00001288                __vector_20
 .text.queue_reset
                0x000012fc       0x4a ./queue/queue.o
                0x000012fc                queue_reset
 .text.queue_init
                0x00001346       0x38 ./queue/queue.o
                0x00001346                queue_init
 .text.queue_enqueue
                0x0000137e      0x1aa ./queue/queue.o
                0x0000137e                queue_enqueue
 .text.queue_dequeue
                0x00001528      0x168 ./queue/queue.o
                0x00001528                queue_dequeue
 .text.queue_find
                0x00001690       0xaa ./queue/queue.o
                0x00001690                queue_find
 .text.queue_remove
                0x0000173a      0x14e ./queue/queue.o
                0x0000173a                queue_remove
 .text.queue_peek_length
                0x00001888       0x50 ./queue/queue.o
                0x00001888                queue_peek_length
 .text.queue_clear
                0x000018d8       0x64 ./queue/queue.o
                0x000018d8                queue_clear
 .text.eeprom_read
                0x0000193c       0x20 ./eeprom/eeprom.o
                0x0000193c                eeprom_read
 .text.eeprom_write
                0x0000195c       0x28 ./eeprom/eeprom.o
                0x0000195c                eeprom_write
 .text.btle_init
                0x00001984       0x3a ./btle/btle.o
                0x00001984                btle_init
 .text.btle_set_cts
                0x000019be       0x20 ./btle/btle.o
                0x000019be                btle_set_cts
 .text.btle_get_rts
                0x000019de       0x18 ./btle/btle.o
                0x000019de                btle_get_rts
 .text.btle_tick
                0x000019f6       0x70 ./btle/btle.o
                0x000019f6                btle_tick
 .text.btle_enqueue
                0x00001a66       0x32 ./btle/btle.o
                0x00001a66                btle_enqueue
 .text.btle_driver_init
                0x00001a98       0x22 ./btle/btle_driver.o
                0x00001a98                btle_driver_init
 .text.btle_driver_tick
                0x00001aba       0xb0 ./btle/btle_driver.o
                0x00001aba                btle_driver_tick
 .text.encode_string
                0x00001b6a       0xea ./btle/btle_driver.o
                0x00001b6a                encode_string
 .text.init_buffer
                0x00001c54       0x26 ./btle/btle_driver.o
 .text.init_lines
                0x00001c7a       0x1e ./btle/btle_driver.o
 .text.handle_data
                0x00001c98       0x76 ./btle/btle_driver.o
 .text.parse_data
                0x00001d0e       0x62 ./btle/btle_driver.o
 .text.btle_handle_le_packet
                0x00001d70      0x40e ./btle/btle_driver.o
 .text.btle_parse_nybble
                0x0000217e       0x52 ./btle/btle_driver.o
 .text.terminal_in_cb
                0x000021d0       0x1a ./main.o
                0x000021d0                terminal_in_cb
 .text.main     0x000021ea       0x98 ./main.o
                0x000021ea                main
 .text.set_timer
                0x00002282       0x4a ./main.o
                0x00002282                set_timer
 .text.timeout  0x000022cc       0x48 ./main.o
                0x000022cc                timeout
 .text.libgcc.mul
                0x00002314        0x0 /usr/local/CrossPack-AVR-20131216/lib/gcc/avr/4.8.1/avr51/libgcc.a(_exit.o)
 .text.libgcc.div
                0x00002314        0x0 /usr/local/CrossPack-AVR-20131216/lib/gcc/avr/4.8.1/avr51/libgcc.a(_exit.o)
 .text.libgcc   0x00002314        0x0 /usr/local/CrossPack-AVR-20131216/lib/gcc/avr/4.8.1/avr51/libgcc.a(_exit.o)
 .text.libgcc.prologue
                0x00002314        0x0 /usr/local/CrossPack-AVR-20131216/lib/gcc/avr/4.8.1/avr51/libgcc.a(_exit.o)
 .text.libgcc.builtins
                0x00002314        0x0 /usr/local/CrossPack-AVR-20131216/lib/gcc/avr/4.8.1/avr51/libgcc.a(_exit.o)
 .text.libgcc.fmul
                0x00002314        0x0 /usr/local/CrossPack-AVR-20131216/lib/gcc/avr/4.8.1/avr51/libgcc.a(_exit.o)
 .text.libgcc.fixed
                0x00002314        0x0 /usr/local/CrossPack-AVR-20131216/lib/gcc/avr/4.8.1/avr51/libgcc.a(_exit.o)
 .text.libgcc.mul
                0x00002314        0x0 /usr/local/CrossPack-AVR-20131216/lib/gcc/avr/4.8.1/avr51/libgcc.a(_copy_data.o)
 .text.libgcc.div
                0x00002314        0x0 /usr/local/CrossPack-AVR-20131216/lib/gcc/avr/4.8.1/avr51/libgcc.a(_copy_data.o)
 .text.libgcc   0x00002314        0x0 /usr/local/CrossPack-AVR-20131216/lib/gcc/avr/4.8.1/avr51/libgcc.a(_copy_data.o)
 .text.libgcc.prologue
                0x00002314        0x0 /usr/local/CrossPack-AVR-20131216/lib/gcc/avr/4.8.1/avr51/libgcc.a(_copy_data.o)
 .text.libgcc.builtins
                0x00002314        0x0 /usr/local/CrossPack-AVR-20131216/lib/gcc/avr/4.8.1/avr51/libgcc.a(_copy_data.o)
 .text.libgcc.fmul
                0x00002314        0x0 /usr/local/CrossPack-AVR-20131216/lib/gcc/avr/4.8.1/avr51/libgcc.a(_copy_data.o)
 .text.libgcc.fixed
                0x00002314        0x0 /usr/local/CrossPack-AVR-20131216/lib/gcc/avr/4.8.1/avr51/libgcc.a(_copy_data.o)
 .text.libgcc.mul
                0x00002314        0x0 /usr/local/CrossPack-AVR-20131216/lib/gcc/avr/4.8.1/avr51/libgcc.a(_clear_bss.o)
 .text.libgcc.div
                0x00002314        0x0 /usr/local/CrossPack-AVR-20131216/lib/gcc/avr/4.8.1/avr51/libgcc.a(_clear_bss.o)
 .text.libgcc   0x00002314        0x0 /usr/local/CrossPack-AVR-20131216/lib/gcc/avr/4.8.1/avr51/libgcc.a(_clear_bss.o)
 .text.libgcc.prologue
                0x00002314        0x0 /usr/local/CrossPack-AVR-20131216/lib/gcc/avr/4.8.1/avr51/libgcc.a(_clear_bss.o)
 .text.libgcc.builtins
                0x00002314        0x0 /usr/local/CrossPack-AVR-20131216/lib/gcc/avr/4.8.1/avr51/libgcc.a(_clear_bss.o)
 .text.libgcc.fmul
                0x00002314        0x0 /usr/local/CrossPack-AVR-20131216/lib/gcc/avr/4.8.1/avr51/libgcc.a(_clear_bss.o)
 .text.libgcc.fixed
                0x00002314        0x0 /usr/local/CrossPack-AVR-20131216/lib/gcc/avr/4.8.1/avr51/libgcc.a(_clear_bss.o)
 .text.libgcc.mul
                0x00002314        0x0 /usr/local/CrossPack-AVR-20131216/lib/gcc/avr/4.8.1/avr51/libgcc.a(_cmpdi2_s8.o)
 .text.libgcc.div
                0x00002314        0x0 /usr/local/CrossPack-AVR-20131216/lib/gcc/avr/4.8.1/avr51/libgcc.a(_cmpdi2_s8.o)
 .text.libgcc   0x00002314       0x18 /usr/local/CrossPack-AVR-20131216/lib/gcc/avr/4.8.1/avr51/libgcc.a(_cmpdi2_s8.o)
                0x00002314                __cmpdi2_s8
 .text.libgcc.prologue
                0x0000232c        0x0 /usr/local/CrossPack-AVR-20131216/lib/gcc/avr/4.8.1/avr51/libgcc.a(_cmpdi2_s8.o)
 .text.libgcc.builtins
                0x0000232c        0x0 /usr/local/CrossPack-AVR-20131216/lib/gcc/avr/4.8.1/avr51/libgcc.a(_cmpdi2_s8.o)
 .text.libgcc.fmul
                0x0000232c        0x0 /usr/local/CrossPack-AVR-20131216/lib/gcc/avr/4.8.1/avr51/libgcc.a(_cmpdi2_s8.o)
 .text.libgcc.fixed
                0x0000232c        0x0 /usr/local/CrossPack-AVR-20131216/lib/gcc/avr/4.8.1/avr51/libgcc.a(_cmpdi2_s8.o)
 .text.avr-libc.fplib
                0x0000232c        0x8 /usr/local/CrossPack-AVR-20131216/lib/gcc/avr/4.8.1/../../../../avr/lib/avr51/libm.a(cmpsf2.o)
                0x0000232c                __lesf2
                0x0000232c                __nesf2
                0x0000232c                __eqsf2
                0x0000232c                __cmpsf2
                0x0000232c                __ltsf2
 .text.avr-libc.fplib
                0x00002334       0x58 /usr/local/CrossPack-AVR-20131216/lib/gcc/avr/4.8.1/../../../../avr/lib/avr51/libm.a(fixunssfsi.o)
                0x00002334                __fixunssfsi
 .text.avr-libc.fplib
                0x0000238c       0x48 /usr/local/CrossPack-AVR-20131216/lib/gcc/avr/4.8.1/../../../../avr/lib/avr51/libm.a(fp_cmp.o)
                0x0000238c                __fp_cmp
 .text.avr-libc.fplib
                0x000023d4       0x44 /usr/local/CrossPack-AVR-20131216/lib/gcc/avr/4.8.1/../../../../avr/lib/avr51/libm.a(fp_split3.o)
                0x000023d4                __fp_split3
                0x000023e4                __fp_splitA
 .text.avr-libc.fplib
                0x00002418        0xe /usr/local/CrossPack-AVR-20131216/lib/gcc/avr/4.8.1/../../../../avr/lib/avr51/libm.a(fp_zero.o)
                0x00002418                __fp_zero
                0x0000241a                __fp_szero
 .text.avr-libc.fplib
                0x00002426        0x8 /usr/local/CrossPack-AVR-20131216/lib/gcc/avr/4.8.1/../../../../avr/lib/avr51/libm.a(gesf2.o)
                0x00002426                __gtsf2
                0x00002426                __gesf2
 .text.avr-libc.fplib
                0x0000242e        0x4 /usr/local/CrossPack-AVR-20131216/lib/gcc/avr/4.8.1/../../../../avr/lib/avr51/libm.a(mulsf3.o)
                0x0000242e                __mulsf3
 .text.avr-libc.fplib
                0x00002432       0xc2 /usr/local/CrossPack-AVR-20131216/lib/gcc/avr/4.8.1/../../../../avr/lib/avr51/libm.a(mulsf3x.o)
                0x00002446                __mulsf3x
                0x0000244a                __mulsf3_pse
 .text.avr-libc.fplib
                0x000024f4        0xc /usr/local/CrossPack-AVR-20131216/lib/gcc/avr/4.8.1/../../../../avr/lib/avr51/libm.a(fp_inf.o)
                0x000024f4                __fp_inf
 .text.avr-libc.fplib
                0x00002500        0x6 /usr/local/CrossPack-AVR-20131216/lib/gcc/avr/4.8.1/../../../../avr/lib/avr51/libm.a(fp_nan.o)
                0x00002500                __fp_nan
 .text.avr-libc.fplib
                0x00002506        0xe /usr/local/CrossPack-AVR-20131216/lib/gcc/avr/4.8.1/../../../../avr/lib/avr51/libm.a(fp_pscA.o)
                0x00002506                __fp_pscA
 .text.avr-libc.fplib
                0x00002514        0xe /usr/local/CrossPack-AVR-20131216/lib/gcc/avr/4.8.1/../../../../avr/lib/avr51/libm.a(fp_pscB.o)
                0x00002514                __fp_pscB
 .text.avr-libc.fplib
                0x00002522       0x22 /usr/local/CrossPack-AVR-20131216/lib/gcc/avr/4.8.1/../../../../avr/lib/avr51/libm.a(fp_round.o)
                0x00002522                __fp_round
 .text.avr-libc
                0x00002544      0x24e /usr/local/CrossPack-AVR-20131216/lib/gcc/avr/4.8.1/../../../../avr/lib/avr51/libc.a(malloc.o)
                0x00002544                malloc
                0x00002674                free
 .text.avr-libc
                0x00002792       0x1a /usr/local/CrossPack-AVR-20131216/lib/gcc/avr/4.8.1/../../../../avr/lib/avr51/libc.a(memcmp.o)
                0x00002792                memcmp
 .text.avr-libc
                0x000027ac       0x12 /usr/local/CrossPack-AVR-20131216/lib/gcc/avr/4.8.1/../../../../avr/lib/avr51/libc.a(memcpy.o)
                0x000027ac                memcpy
 .text.avr-libc
                0x000027be        0xe /usr/local/CrossPack-AVR-20131216/lib/gcc/avr/4.8.1/../../../../avr/lib/avr51/libc.a(memset.o)
                0x000027be                memset
 .text.avr-libc
                0x000027cc        0xe /usr/local/CrossPack-AVR-20131216/lib/gcc/avr/4.8.1/../../../../avr/lib/avr51/libc.a(strcpy.o)
                0x000027cc                strcpy
 .text.avr-libc
                0x000027da       0x34 /usr/local/CrossPack-AVR-20131216/lib/gcc/avr/4.8.1/../../../../avr/lib/avr51/libc.a(strstr.o)
                0x000027da                strstr
 .text.avr-libc
                0x0000280e       0x96 /usr/local/CrossPack-AVR-20131216/lib/gcc/avr/4.8.1/../../../../avr/lib/avr51/libc.a(fdevopen.o)
                0x0000280e                fdevopen
 .text.avr-libc
                0x000028a4       0x48 /usr/local/CrossPack-AVR-20131216/lib/gcc/avr/4.8.1/../../../../avr/lib/avr51/libc.a(printf_p.o)
                0x000028a4                printf_P
 .text.avr-libc
                0x000028ec       0x5e /usr/local/CrossPack-AVR-20131216/lib/gcc/avr/4.8.1/../../../../avr/lib/avr51/libc.a(sprintf_p.o)
                0x000028ec                sprintf_P
 .text.avr-libc
                0x0000294a       0x1e /usr/local/CrossPack-AVR-20131216/lib/gcc/avr/4.8.1/../../../../avr/lib/avr51/libc.a(vfprintf_p.o)
                0x0000294a                vfprintf_P
 .text.avr-libc
                0x00002968      0x3f6 /usr/local/CrossPack-AVR-20131216/lib/gcc/avr/4.8.1/../../../../avr/lib/avr51/libc.a(vfprintf_std.o)
                0x00002968                vfprintf
 .text.avr-libc
                0x00002d5e       0x10 /usr/local/CrossPack-AVR-20131216/lib/gcc/avr/4.8.1/../../../../avr/lib/avr51/libc.a(eerd_byte_atmega1284p.o)
                0x00002d5e                __eerd_byte_m1284p
 .text.avr-libc
                0x00002d6e       0x1c /usr/local/CrossPack-AVR-20131216/lib/gcc/avr/4.8.1/../../../../avr/lib/avr51/libc.a(eewr_byte_atmega1284p.o)
                0x00002d6e                __eewr_byte_m1284p
                0x00002d70                __eewr_r18_m1284p
 .text.avr-libc
                0x00002d8a       0x38 /usr/local/CrossPack-AVR-20131216/lib/gcc/avr/4.8.1/../../../../avr/lib/avr51/libc.a(calloc.o)
                0x00002d8a                calloc
 .text.avr-libc
                0x00002dc2       0x16 /usr/local/CrossPack-AVR-20131216/lib/gcc/avr/4.8.1/../../../../avr/lib/avr51/libc.a(strnlen_P.o)
                0x00002dc2                strnlen_P
 .text.avr-libc
                0x00002dd8       0x16 /usr/local/CrossPack-AVR-20131216/lib/gcc/avr/4.8.1/../../../../avr/lib/avr51/libc.a(strnlen.o)
                0x00002dd8                strnlen
 .text.avr-libc
                0x00002dee       0x64 /usr/local/CrossPack-AVR-20131216/lib/gcc/avr/4.8.1/../../../../avr/lib/avr51/libc.a(fputc.o)
                0x00002dee                fputc
 .text.avr-libc
                0x00002e52       0xbc /usr/local/CrossPack-AVR-20131216/lib/gcc/avr/4.8.1/../../../../avr/lib/avr51/libc.a(ultoa_invert.o)
                0x00002e52                __ultoa_invert
                0x00002f0e                . = ALIGN (0x2)
 *(.fini9)
 .fini9         0x00002f0e        0x0 /usr/local/CrossPack-AVR-20131216/lib/gcc/avr/4.8.1/avr51/libgcc.a(_exit.o)
                0x00002f0e                exit
                0x00002f0e                _exit
 *(.fini9)
 *(.fini8)
 *(.fini8)
 *(.fini7)
 *(.fini7)
 *(.fini6)
 *(.fini6)
 *(.fini5)
 *(.fini5)
 *(.fini4)
 *(.fini4)
 *(.fini3)
 *(.fini3)
 *(.fini2)
 *(.fini2)
 *(.fini1)
 *(.fini1)
 *(.fini0)
 .fini0         0x00002f0e        0x4 /usr/local/CrossPack-AVR-20131216/lib/gcc/avr/4.8.1/avr51/libgcc.a(_exit.o)
 *(.fini0)
                0x00002f12                _etext = .

.data           0x00800100       0x38 load address 0x00002f12
                0x00800100                PROVIDE (__data_start, .)
 *(.data)
 .data          0x00800100        0x0 /usr/local/CrossPack-AVR-20131216/lib/gcc/avr/4.8.1/../../../../avr/lib/avr51/crtm1284p.o
 .data          0x00800100        0x0 ./wan/wan.o
 .data          0x00800100        0x0 ./wan/wan_driver.o
 .data          0x00800100        0x0 ./util/clock.o
 .data          0x00800100        0x0 ./util/config.o
 .data          0x00800100        0x0 ./util/log.o
 .data          0x00800100        0x0 ./usart/usart_btle.o
 .data          0x00800100        0x0 ./usart/usart_wan.o
 .data          0x00800100        0x0 ./queue/queue.o
 .data          0x00800100        0x0 ./eeprom/eeprom.o
 .data          0x00800100        0x0 ./btle/btle.o
 .data          0x00800100        0x0 ./btle/btle_driver.o
 .data          0x00800100        0x0 ./main.o
 .data          0x00800100        0x0 /usr/local/CrossPack-AVR-20131216/lib/gcc/avr/4.8.1/avr51/libgcc.a(_exit.o)
 .data          0x00800100        0x0 /usr/local/CrossPack-AVR-20131216/lib/gcc/avr/4.8.1/avr51/libgcc.a(_copy_data.o)
 .data          0x00800100        0x0 /usr/local/CrossPack-AVR-20131216/lib/gcc/avr/4.8.1/avr51/libgcc.a(_clear_bss.o)
 .data          0x00800100        0x0 /usr/local/CrossPack-AVR-20131216/lib/gcc/avr/4.8.1/avr51/libgcc.a(_cmpdi2_s8.o)
 .data          0x00800100        0x0 /usr/local/CrossPack-AVR-20131216/lib/gcc/avr/4.8.1/../../../../avr/lib/avr51/libm.a(cmpsf2.o)
 .data          0x00800100        0x0 /usr/local/CrossPack-AVR-20131216/lib/gcc/avr/4.8.1/../../../../avr/lib/avr51/libm.a(fixunssfsi.o)
 .data          0x00800100        0x0 /usr/local/CrossPack-AVR-20131216/lib/gcc/avr/4.8.1/../../../../avr/lib/avr51/libm.a(fp_cmp.o)
 .data          0x00800100        0x0 /usr/local/CrossPack-AVR-20131216/lib/gcc/avr/4.8.1/../../../../avr/lib/avr51/libm.a(fp_split3.o)
 .data          0x00800100        0x0 /usr/local/CrossPack-AVR-20131216/lib/gcc/avr/4.8.1/../../../../avr/lib/avr51/libm.a(fp_zero.o)
 .data          0x00800100        0x0 /usr/local/CrossPack-AVR-20131216/lib/gcc/avr/4.8.1/../../../../avr/lib/avr51/libm.a(gesf2.o)
 .data          0x00800100        0x0 /usr/local/CrossPack-AVR-20131216/lib/gcc/avr/4.8.1/../../../../avr/lib/avr51/libm.a(mulsf3.o)
 .data          0x00800100        0x0 /usr/local/CrossPack-AVR-20131216/lib/gcc/avr/4.8.1/../../../../avr/lib/avr51/libm.a(mulsf3x.o)
 .data          0x00800100        0x0 /usr/local/CrossPack-AVR-20131216/lib/gcc/avr/4.8.1/../../../../avr/lib/avr51/libm.a(fp_inf.o)
 .data          0x00800100        0x0 /usr/local/CrossPack-AVR-20131216/lib/gcc/avr/4.8.1/../../../../avr/lib/avr51/libm.a(fp_nan.o)
 .data          0x00800100        0x0 /usr/local/CrossPack-AVR-20131216/lib/gcc/avr/4.8.1/../../../../avr/lib/avr51/libm.a(fp_pscA.o)
 .data          0x00800100        0x0 /usr/local/CrossPack-AVR-20131216/lib/gcc/avr/4.8.1/../../../../avr/lib/avr51/libm.a(fp_pscB.o)
 .data          0x00800100        0x0 /usr/local/CrossPack-AVR-20131216/lib/gcc/avr/4.8.1/../../../../avr/lib/avr51/libm.a(fp_round.o)
 .data          0x00800100        0x6 /usr/local/CrossPack-AVR-20131216/lib/gcc/avr/4.8.1/../../../../avr/lib/avr51/libc.a(malloc.o)
                0x00800100                __malloc_heap_end
                0x00800102                __malloc_heap_start
                0x00800104                __malloc_margin
 .data          0x00800106        0x0 /usr/local/CrossPack-AVR-20131216/lib/gcc/avr/4.8.1/../../../../avr/lib/avr51/libc.a(memcmp.o)
 .data          0x00800106        0x0 /usr/local/CrossPack-AVR-20131216/lib/gcc/avr/4.8.1/../../../../avr/lib/avr51/libc.a(memcpy.o)
 .data          0x00800106        0x0 /usr/local/CrossPack-AVR-20131216/lib/gcc/avr/4.8.1/../../../../avr/lib/avr51/libc.a(memset.o)
 .data          0x00800106        0x0 /usr/local/CrossPack-AVR-20131216/lib/gcc/avr/4.8.1/../../../../avr/lib/avr51/libc.a(strcpy.o)
 .data          0x00800106        0x0 /usr/local/CrossPack-AVR-20131216/lib/gcc/avr/4.8.1/../../../../avr/lib/avr51/libc.a(strstr.o)
 .data          0x00800106        0x0 /usr/local/CrossPack-AVR-20131216/lib/gcc/avr/4.8.1/../../../../avr/lib/avr51/libc.a(fdevopen.o)
 .data          0x00800106        0x0 /usr/local/CrossPack-AVR-20131216/lib/gcc/avr/4.8.1/../../../../avr/lib/avr51/libc.a(iob.o)
 .data          0x00800106        0x0 /usr/local/CrossPack-AVR-20131216/lib/gcc/avr/4.8.1/../../../../avr/lib/avr51/libc.a(printf_p.o)
 .data          0x00800106        0x0 /usr/local/CrossPack-AVR-20131216/lib/gcc/avr/4.8.1/../../../../avr/lib/avr51/libc.a(sprintf_p.o)
 .data          0x00800106        0x0 /usr/local/CrossPack-AVR-20131216/lib/gcc/avr/4.8.1/../../../../avr/lib/avr51/libc.a(vfprintf_p.o)
 .data          0x00800106        0x0 /usr/local/CrossPack-AVR-20131216/lib/gcc/avr/4.8.1/../../../../avr/lib/avr51/libc.a(vfprintf_std.o)
 .data          0x00800106        0x0 /usr/local/CrossPack-AVR-20131216/lib/gcc/avr/4.8.1/../../../../avr/lib/avr51/libc.a(eerd_byte_atmega1284p.o)
 .data          0x00800106        0x0 /usr/local/CrossPack-AVR-20131216/lib/gcc/avr/4.8.1/../../../../avr/lib/avr51/libc.a(eewr_byte_atmega1284p.o)
 .data          0x00800106        0x0 /usr/local/CrossPack-AVR-20131216/lib/gcc/avr/4.8.1/../../../../avr/lib/avr51/libc.a(calloc.o)
 .data          0x00800106        0x0 /usr/local/CrossPack-AVR-20131216/lib/gcc/avr/4.8.1/../../../../avr/lib/avr51/libc.a(strnlen_P.o)
 .data          0x00800106        0x0 /usr/local/CrossPack-AVR-20131216/lib/gcc/avr/4.8.1/../../../../avr/lib/avr51/libc.a(strnlen.o)
 .data          0x00800106        0x0 /usr/local/CrossPack-AVR-20131216/lib/gcc/avr/4.8.1/../../../../avr/lib/avr51/libc.a(fputc.o)
 .data          0x00800106        0x0 /usr/local/CrossPack-AVR-20131216/lib/gcc/avr/4.8.1/../../../../avr/lib/avr51/libc.a(ultoa_invert.o)
 *(.data*)
 .data.WAN_HEX_DIGITS
                0x00800106       0x11 ./wan/wan_driver.o
                0x00800106                WAN_HEX_DIGITS
 .data.HEX_DIGITS
                0x00800117       0x11 ./btle/btle_driver.o
                0x00800117                HEX_DIGITS
 *(.rodata)
 .rodata        0x00800128        0x2 ./btle/btle_driver.o
 .rodata        0x0080012a        0xd ./main.o
 *(.rodata*)
 *(.gnu.linkonce.d*)
                0x00800138                . = ALIGN (0x2)
 *fill*         0x00800137        0x1 
                0x00800138                _edata = .
                0x00800138                PROVIDE (__data_end, .)

.bss            0x00800138      0x656
                0x00800138                PROVIDE (__bss_start, .)
 *(.bss)
 .bss           0x00800138        0x0 /usr/local/CrossPack-AVR-20131216/lib/gcc/avr/4.8.1/../../../../avr/lib/avr51/crtm1284p.o
 .bss           0x00800138        0x0 ./wan/wan.o
 .bss           0x00800138        0x0 ./wan/wan_driver.o
 .bss           0x00800138        0x0 ./util/clock.o
 .bss           0x00800138        0x0 ./util/config.o
 .bss           0x00800138        0x0 ./util/log.o
 .bss           0x00800138        0x0 ./usart/usart_btle.o
 .bss           0x00800138        0x0 ./usart/usart_wan.o
 .bss           0x00800138        0x0 ./queue/queue.o
 .bss           0x00800138        0x0 ./eeprom/eeprom.o
 .bss           0x00800138        0x0 ./btle/btle.o
 .bss           0x00800138        0x0 ./btle/btle_driver.o
 .bss           0x00800138        0x0 ./main.o
 .bss           0x00800138        0x0 /usr/local/CrossPack-AVR-20131216/lib/gcc/avr/4.8.1/avr51/libgcc.a(_exit.o)
 .bss           0x00800138        0x0 /usr/local/CrossPack-AVR-20131216/lib/gcc/avr/4.8.1/avr51/libgcc.a(_copy_data.o)
 .bss           0x00800138        0x0 /usr/local/CrossPack-AVR-20131216/lib/gcc/avr/4.8.1/avr51/libgcc.a(_clear_bss.o)
 .bss           0x00800138        0x0 /usr/local/CrossPack-AVR-20131216/lib/gcc/avr/4.8.1/avr51/libgcc.a(_cmpdi2_s8.o)
 .bss           0x00800138        0x0 /usr/local/CrossPack-AVR-20131216/lib/gcc/avr/4.8.1/../../../../avr/lib/avr51/libm.a(cmpsf2.o)
 .bss           0x00800138        0x0 /usr/local/CrossPack-AVR-20131216/lib/gcc/avr/4.8.1/../../../../avr/lib/avr51/libm.a(fixunssfsi.o)
 .bss           0x00800138        0x0 /usr/local/CrossPack-AVR-20131216/lib/gcc/avr/4.8.1/../../../../avr/lib/avr51/libm.a(fp_cmp.o)
 .bss           0x00800138        0x0 /usr/local/CrossPack-AVR-20131216/lib/gcc/avr/4.8.1/../../../../avr/lib/avr51/libm.a(fp_split3.o)
 .bss           0x00800138        0x0 /usr/local/CrossPack-AVR-20131216/lib/gcc/avr/4.8.1/../../../../avr/lib/avr51/libm.a(fp_zero.o)
 .bss           0x00800138        0x0 /usr/local/CrossPack-AVR-20131216/lib/gcc/avr/4.8.1/../../../../avr/lib/avr51/libm.a(gesf2.o)
 .bss           0x00800138        0x0 /usr/local/CrossPack-AVR-20131216/lib/gcc/avr/4.8.1/../../../../avr/lib/avr51/libm.a(mulsf3.o)
 .bss           0x00800138        0x0 /usr/local/CrossPack-AVR-20131216/lib/gcc/avr/4.8.1/../../../../avr/lib/avr51/libm.a(mulsf3x.o)
 .bss           0x00800138        0x0 /usr/local/CrossPack-AVR-20131216/lib/gcc/avr/4.8.1/../../../../avr/lib/avr51/libm.a(fp_inf.o)
 .bss           0x00800138        0x0 /usr/local/CrossPack-AVR-20131216/lib/gcc/avr/4.8.1/../../../../avr/lib/avr51/libm.a(fp_nan.o)
 .bss           0x00800138        0x0 /usr/local/CrossPack-AVR-20131216/lib/gcc/avr/4.8.1/../../../../avr/lib/avr51/libm.a(fp_pscA.o)
 .bss           0x00800138        0x0 /usr/local/CrossPack-AVR-20131216/lib/gcc/avr/4.8.1/../../../../avr/lib/avr51/libm.a(fp_pscB.o)
 .bss           0x00800138        0x0 /usr/local/CrossPack-AVR-20131216/lib/gcc/avr/4.8.1/../../../../avr/lib/avr51/libm.a(fp_round.o)
 .bss           0x00800138        0x0 /usr/local/CrossPack-AVR-20131216/lib/gcc/avr/4.8.1/../../../../avr/lib/avr51/libc.a(malloc.o)
 .bss           0x00800138        0x0 /usr/local/CrossPack-AVR-20131216/lib/gcc/avr/4.8.1/../../../../avr/lib/avr51/libc.a(memcmp.o)
 .bss           0x00800138        0x0 /usr/local/CrossPack-AVR-20131216/lib/gcc/avr/4.8.1/../../../../avr/lib/avr51/libc.a(memcpy.o)
 .bss           0x00800138        0x0 /usr/local/CrossPack-AVR-20131216/lib/gcc/avr/4.8.1/../../../../avr/lib/avr51/libc.a(memset.o)
 .bss           0x00800138        0x0 /usr/local/CrossPack-AVR-20131216/lib/gcc/avr/4.8.1/../../../../avr/lib/avr51/libc.a(strcpy.o)
 .bss           0x00800138        0x0 /usr/local/CrossPack-AVR-20131216/lib/gcc/avr/4.8.1/../../../../avr/lib/avr51/libc.a(strstr.o)
 .bss           0x00800138        0x0 /usr/local/CrossPack-AVR-20131216/lib/gcc/avr/4.8.1/../../../../avr/lib/avr51/libc.a(fdevopen.o)
 .bss           0x00800138        0x0 /usr/local/CrossPack-AVR-20131216/lib/gcc/avr/4.8.1/../../../../avr/lib/avr51/libc.a(iob.o)
 .bss           0x00800138        0x0 /usr/local/CrossPack-AVR-20131216/lib/gcc/avr/4.8.1/../../../../avr/lib/avr51/libc.a(printf_p.o)
 .bss           0x00800138        0x0 /usr/local/CrossPack-AVR-20131216/lib/gcc/avr/4.8.1/../../../../avr/lib/avr51/libc.a(sprintf_p.o)
 .bss           0x00800138        0x0 /usr/local/CrossPack-AVR-20131216/lib/gcc/avr/4.8.1/../../../../avr/lib/avr51/libc.a(vfprintf_p.o)
 .bss           0x00800138        0x0 /usr/local/CrossPack-AVR-20131216/lib/gcc/avr/4.8.1/../../../../avr/lib/avr51/libc.a(vfprintf_std.o)
 .bss           0x00800138        0x0 /usr/local/CrossPack-AVR-20131216/lib/gcc/avr/4.8.1/../../../../avr/lib/avr51/libc.a(eerd_byte_atmega1284p.o)
 .bss           0x00800138        0x0 /usr/local/CrossPack-AVR-20131216/lib/gcc/avr/4.8.1/../../../../avr/lib/avr51/libc.a(eewr_byte_atmega1284p.o)
 .bss           0x00800138        0x0 /usr/local/CrossPack-AVR-20131216/lib/gcc/avr/4.8.1/../../../../avr/lib/avr51/libc.a(calloc.o)
 .bss           0x00800138        0x0 /usr/local/CrossPack-AVR-20131216/lib/gcc/avr/4.8.1/../../../../avr/lib/avr51/libc.a(strnlen_P.o)
 .bss           0x00800138        0x0 /usr/local/CrossPack-AVR-20131216/lib/gcc/avr/4.8.1/../../../../avr/lib/avr51/libc.a(strnlen.o)
 .bss           0x00800138        0x0 /usr/local/CrossPack-AVR-20131216/lib/gcc/avr/4.8.1/../../../../avr/lib/avr51/libc.a(fputc.o)
 .bss           0x00800138        0x0 /usr/local/CrossPack-AVR-20131216/lib/gcc/avr/4.8.1/../../../../avr/lib/avr51/libc.a(ultoa_invert.o)
 *(.bss*)
 .bss.wan_index
                0x00800138        0x2 ./wan/wan_driver.o
                0x00800138                wan_index
 .bss.wan_new_line
                0x0080013a        0x1 ./wan/wan_driver.o
                0x0080013a                wan_new_line
 .bss.wan_line_index
                0x0080013b        0x2 ./wan/wan_driver.o
                0x0080013b                wan_line_index
 .bss.btle_buffer
                0x0080013d      0x204 ./usart/usart_btle.o
                0x0080013d                btle_buffer
 .bss.wan_buffer
                0x00800341      0x204 ./usart/usart_wan.o
                0x00800341                wan_buffer
 .bss.btle_index
                0x00800545        0x2 ./btle/btle_driver.o
                0x00800545                btle_index
 .bss.new_line  0x00800547        0x1 ./btle/btle_driver.o
                0x00800547                new_line
 .bss.btle_line_index
                0x00800548        0x2 ./btle/btle_driver.o
                0x00800548                btle_line_index
 .bss.term_in   0x0080054a        0x1 ./main.o
                0x0080054a                term_in
 .bss.future    0x0080054b        0x4 ./main.o
                0x0080054b                future
 *(COMMON)
 COMMON         0x0080054f        0xc ./wan/wan.o
                0x0080054f                wan_queue
 COMMON         0x0080055b      0x102 ./wan/wan_driver.o
                0x0080055b                wan_line_buffer
                0x008005dc                wan_lines
 COMMON         0x0080065d        0x4 ./util/clock.o
                0x0080065d                clock_millis
 COMMON         0x00800661        0xf ./util/config.o
                0x00800661                config
 COMMON         0x00800670        0x4 ./util/log.o
                0x00800670                debug_out_cb
                0x00800672                debug_rx_cb
 COMMON         0x00800674        0x2 ./usart/usart_btle.o
                0x00800674                btle_rx_cb
 COMMON         0x00800676        0xc ./btle/btle.o
                0x00800676                btle_queue
 COMMON         0x00800682      0x102 ./btle/btle_driver.o
                0x00800682                btle_lines
                0x00800703                btle_line_buffer
 COMMON         0x00800784        0x4 /usr/local/CrossPack-AVR-20131216/lib/gcc/avr/4.8.1/../../../../avr/lib/avr51/libc.a(malloc.o)
                0x00800784                __brkval
                0x00800786                __flp
 COMMON         0x00800788        0x6 /usr/local/CrossPack-AVR-20131216/lib/gcc/avr/4.8.1/../../../../avr/lib/avr51/libc.a(iob.o)
                0x00800788                __iob
                0x0080078e                PROVIDE (__bss_end, .)
                0x00002f12                __data_load_start = LOADADDR (.data)
                0x00002f4a                __data_load_end = (__data_load_start + SIZEOF (.data))

.noinit         0x0080078e        0x0
                0x0080078e                PROVIDE (__noinit_start, .)
 *(.noinit*)
                0x0080078e                PROVIDE (__noinit_end, .)
                0x0080078e                _end = .
                0x0080078e                PROVIDE (__heap_start, .)

.eeprom         0x00810000        0x0
 *(.eeprom*)
                0x00810000                __eeprom_end = .

.fuse
 *(.fuse)
 *(.lfuse)
 *(.hfuse)
 *(.efuse)

.lock
 *(.lock*)

.signature
 *(.signature*)

.user_signatures
 *(.user_signatures*)

.stab           0x00000000     0x56b8
 *(.stab)
 .stab          0x00000000      0x804 ./wan/wan.o
 .stab          0x00000804      0x750 ./wan/wan_driver.o
                                0xa8c (size before relaxing)
 .stab          0x00000f54      0x4b0 ./util/clock.o
                                0x6a8 (size before relaxing)
 .stab          0x00001404      0x3cc ./util/config.o
                                0x5c4 (size before relaxing)
 .stab          0x000017d0      0xb70 ./util/log.o
                                0xde0 (size before relaxing)
 .stab          0x00002340      0x7ec ./usart/usart_btle.o
                                0xa44 (size before relaxing)
 .stab          0x00002b2c      0x6b4 ./usart/usart_wan.o
                                0x87c (size before relaxing)
 .stab          0x000031e0      0xa2c ./queue/queue.o
                                0xc24 (size before relaxing)
 .stab          0x00003c0c      0x354 ./eeprom/eeprom.o
                                0x558 (size before relaxing)
 .stab          0x00003f60      0x600 ./btle/btle.o
                                0x87c (size before relaxing)
 .stab          0x00004560      0xb4c ./btle/btle_driver.o
                                0xeb8 (size before relaxing)
 .stab          0x000050ac      0x60c ./main.o
                                0x924 (size before relaxing)

.stabstr        0x00000000     0x2d90
 *(.stabstr)
 .stabstr       0x00000000     0x2d90 ./wan/wan.o

.stab.excl
 *(.stab.excl)

.stab.exclstr
 *(.stab.exclstr)

.stab.index
 *(.stab.index)

.stab.indexstr
 *(.stab.indexstr)

.comment        0x00000000       0x11
 *(.comment)
 .comment       0x00000000       0x11 ./wan/wan.o
                                 0x12 (size before relaxing)
 .comment       0x00000000       0x12 ./wan/wan_driver.o
 .comment       0x00000000       0x12 ./util/clock.o
 .comment       0x00000000       0x12 ./util/config.o
 .comment       0x00000000       0x12 ./util/log.o
 .comment       0x00000000       0x12 ./usart/usart_btle.o
 .comment       0x00000000       0x12 ./usart/usart_wan.o
 .comment       0x00000000       0x12 ./queue/queue.o
 .comment       0x00000000       0x12 ./eeprom/eeprom.o
 .comment       0x00000000       0x12 ./btle/btle.o
 .comment       0x00000000       0x12 ./btle/btle_driver.o
 .comment       0x00000000       0x12 ./main.o
 .comment       0x00000000       0x12 /usr/local/CrossPack-AVR-20131216/lib/gcc/avr/4.8.1/../../../../avr/lib/avr51/libc.a(malloc.o)
 .comment       0x00000000       0x12 /usr/local/CrossPack-AVR-20131216/lib/gcc/avr/4.8.1/../../../../avr/lib/avr51/libc.a(fdevopen.o)
 .comment       0x00000000       0x12 /usr/local/CrossPack-AVR-20131216/lib/gcc/avr/4.8.1/../../../../avr/lib/avr51/libc.a(iob.o)
 .comment       0x00000000       0x12 /usr/local/CrossPack-AVR-20131216/lib/gcc/avr/4.8.1/../../../../avr/lib/avr51/libc.a(printf_p.o)
 .comment       0x00000000       0x12 /usr/local/CrossPack-AVR-20131216/lib/gcc/avr/4.8.1/../../../../avr/lib/avr51/libc.a(sprintf_p.o)
 .comment       0x00000000       0x12 /usr/local/CrossPack-AVR-20131216/lib/gcc/avr/4.8.1/../../../../avr/lib/avr51/libc.a(vfprintf_p.o)
 .comment       0x00000000       0x12 /usr/local/CrossPack-AVR-20131216/lib/gcc/avr/4.8.1/../../../../avr/lib/avr51/libc.a(vfprintf_std.o)
 .comment       0x00000000       0x12 /usr/local/CrossPack-AVR-20131216/lib/gcc/avr/4.8.1/../../../../avr/lib/avr51/libc.a(calloc.o)
 .comment       0x00000000       0x12 /usr/local/CrossPack-AVR-20131216/lib/gcc/avr/4.8.1/../../../../avr/lib/avr51/libc.a(fputc.o)

.debug
 *(.debug)

.line
 *(.line)

.debug_srcinfo
 *(.debug_srcinfo)

.debug_sfnames
 *(.debug_sfnames)

.debug_aranges  0x00000000       0x80
 *(.debug_aranges)
 .debug_aranges
                0x00000000       0x20 /usr/local/CrossPack-AVR-20131216/lib/gcc/avr/4.8.1/avr51/libgcc.a(_exit.o)
 .debug_aranges
                0x00000020       0x20 /usr/local/CrossPack-AVR-20131216/lib/gcc/avr/4.8.1/avr51/libgcc.a(_copy_data.o)
 .debug_aranges
                0x00000040       0x20 /usr/local/CrossPack-AVR-20131216/lib/gcc/avr/4.8.1/avr51/libgcc.a(_clear_bss.o)
 .debug_aranges
                0x00000060       0x20 /usr/local/CrossPack-AVR-20131216/lib/gcc/avr/4.8.1/avr51/libgcc.a(_cmpdi2_s8.o)

.debug_pubnames
 *(.debug_pubnames)

.debug_info     0x00000000      0x2fc
 *(.debug_info)
 .debug_info    0x00000000       0xbf /usr/local/CrossPack-AVR-20131216/lib/gcc/avr/4.8.1/avr51/libgcc.a(_exit.o)
 .debug_info    0x000000bf       0xbf /usr/local/CrossPack-AVR-20131216/lib/gcc/avr/4.8.1/avr51/libgcc.a(_copy_data.o)
 .debug_info    0x0000017e       0xbf /usr/local/CrossPack-AVR-20131216/lib/gcc/avr/4.8.1/avr51/libgcc.a(_clear_bss.o)
 .debug_info    0x0000023d       0xbf /usr/local/CrossPack-AVR-20131216/lib/gcc/avr/4.8.1/avr51/libgcc.a(_cmpdi2_s8.o)
 *(.gnu.linkonce.wi.*)

.debug_abbrev   0x00000000       0x50
 *(.debug_abbrev)
 .debug_abbrev  0x00000000       0x14 /usr/local/CrossPack-AVR-20131216/lib/gcc/avr/4.8.1/avr51/libgcc.a(_exit.o)
 .debug_abbrev  0x00000014       0x14 /usr/local/CrossPack-AVR-20131216/lib/gcc/avr/4.8.1/avr51/libgcc.a(_copy_data.o)
 .debug_abbrev  0x00000028       0x14 /usr/local/CrossPack-AVR-20131216/lib/gcc/avr/4.8.1/avr51/libgcc.a(_clear_bss.o)
 .debug_abbrev  0x0000003c       0x14 /usr/local/CrossPack-AVR-20131216/lib/gcc/avr/4.8.1/avr51/libgcc.a(_cmpdi2_s8.o)

.debug_line     0x00000000      0x175
 *(.debug_line)
 .debug_line    0x00000000       0x58 /usr/local/CrossPack-AVR-20131216/lib/gcc/avr/4.8.1/avr51/libgcc.a(_exit.o)
 .debug_line    0x00000058       0x63 /usr/local/CrossPack-AVR-20131216/lib/gcc/avr/4.8.1/avr51/libgcc.a(_copy_data.o)
 .debug_line    0x000000bb       0x5e /usr/local/CrossPack-AVR-20131216/lib/gcc/avr/4.8.1/avr51/libgcc.a(_clear_bss.o)
 .debug_line    0x00000119       0x5c /usr/local/CrossPack-AVR-20131216/lib/gcc/avr/4.8.1/avr51/libgcc.a(_cmpdi2_s8.o)

.debug_frame
 *(.debug_frame)

.debug_str
 *(.debug_str)

.debug_loc
 *(.debug_loc)

.debug_macinfo
 *(.debug_macinfo)

.debug_pubtypes
 *(.debug_pubtypes)

.debug_ranges
 *(.debug_ranges)

.debug_macro
 *(.debug_macro)
OUTPUT(spike_bitstorm_router.elf elf32-avr)
LOAD linker stubs
